../Core/Src/main.c:79:13:sd_clock_train	16	static
../Core/Src/main.c:87:12:sd_wait_ready	24	static
../Core/Src/main.c:97:16:sd_send_cmd	24	static
../Core/Src/main.c:121:12:sd_card_init	32	static
../Core/Src/main.c:174:12:sd_read_sector	16	static
../Core/Src/main.c:187:5:main	8	static
../Core/Src/main.c:235:6:SystemClock_Config	88	static
../Core/Src/main.c:277:13:MX_SPI1_Init	8	static
../Core/Src/main.c:315:13:MX_USART1_UART_Init	8	static
../Core/Src/main.c:348:13:MX_GPIO_Init	32	static
../Core/Src/main.c:381:6:Error_Handler	4	static,ignoring_inline_asm
